// Jest Snapshot v1, https://goo.gl/fbAQLP

exports[`Render Timeline -> with minimal props 1`] = `
Array [
  <button
    class="exitButton btn btn-danger"
  >
    exit Cade
  </button>,
  <div
    class="jumbotron jumbotron-fluid"
  >
    <div
      class="container-fluid"
    >
      <center>
        <h1
          class="display-3"
        >
          Cade's Timeline
        </h1>
      </center>
    </div>
  </div>,
  <br />,
]
`;
